---
source: src/cfg.rs
expression: cfg
---
ControlFlowGraph {
    blocks: [
        Block {
            instructions: [
                LoadConst(
                    0,
                ),
                LoadConst(
                    1,
                ),
                CompareOp(
                    0,
                ),
            ],
            branch_block: Edge(
                BranchEdge {
                    reason: Opcode(
                        POP_JUMP_FORWARD_IF_TRUE,
                    ),
                    block_index: Index(
                        1,
                    ),
                },
            ),
            default_block: Edge(
                BranchEdge {
                    reason: Opcode(
                        POP_JUMP_FORWARD_IF_TRUE,
                    ),
                    block_index: Index(
                        2,
                    ),
                },
            ),
        },
        Block {
            instructions: [
                LoadConst(
                    3,
                ),
                ReturnValue(
                    0,
                ),
            ],
            branch_block: NoIndex,
            default_block: NoIndex,
        },
        Block {
            instructions: [
                LoadConst(
                    2,
                ),
                ReturnValue(
                    0,
                ),
            ],
            branch_block: NoIndex,
            default_block: NoIndex,
        },
    ],
    start_index: Fallthrough(
        Index(
            0,
        ),
    ),
}
